// Jest Snapshot v1, https://goo.gl/fbAQLP

exports[`Selection Button component buttons snapshot 1`] = `
Object {
  "asFragment": [Function],
  "baseElement": <body>
    <div>
      <div
        class="MuiGrid-root-iNTOv hUKhIt MuiGrid-root MuiGrid-container"
      >
        <span
          class="MuiTypography-root-bXavBU bmHdqU MuiTypography-root MuiTypography-caption sc-evZas cHSihy"
          spacing="45"
        >
          make your choice
        </span>
        <div
          class="sc-crXcEl dDKibQ"
        >
          <button
            class="MuiButtonBase-root-JobBs loEBuR MuiButton-root MuiButton-iconWrap MuiButton-iconWrapPrimary MuiButton-sizeMedium MuiButton-iconWrapSizeMedium MuiButtonBase-root MuiButton-root-gywsUZ gICcYZ sc-iqcoie Eaqjx"
            figure="ROCK"
            id="ROCK"
            tabindex="0"
            type="button"
          >
            <svg>
              icon-rock.svg
            </svg>
            <span
              class="MuiTouchRipple-root-iePYqk ifewIH MuiTouchRipple-root"
            />
          </button>
          <button
            class="MuiButtonBase-root-JobBs loEBuR MuiButton-root MuiButton-iconWrap MuiButton-iconWrapPrimary MuiButton-sizeMedium MuiButton-iconWrapSizeMedium MuiButtonBase-root MuiButton-root-gywsUZ eRViBu sc-iqcoie hVGZMO"
            figure="PAPER"
            id="PAPER"
            tabindex="0"
            type="button"
          >
            <svg>
              icon-paper.svg
            </svg>
            <span
              class="MuiTouchRipple-root-iePYqk ifewIH MuiTouchRipple-root"
            />
          </button>
          <button
            class="MuiButtonBase-root-JobBs loEBuR MuiButton-root MuiButton-iconWrap MuiButton-iconWrapPrimary MuiButton-sizeMedium MuiButton-iconWrapSizeMedium MuiButtonBase-root MuiButton-root-gywsUZ iVdQmY sc-iqcoie eqtQyh"
            figure="SCISSORS"
            id="SCISSORS"
            tabindex="0"
            type="button"
          >
            <svg>
              icon-scissors.svg
            </svg>
            <span
              class="MuiTouchRipple-root-iePYqk ifewIH MuiTouchRipple-root"
            />
          </button>
        </div>
      </div>
    </div>
  </body>,
  "container": <div>
    <div
      class="MuiGrid-root-iNTOv hUKhIt MuiGrid-root MuiGrid-container"
    >
      <span
        class="MuiTypography-root-bXavBU bmHdqU MuiTypography-root MuiTypography-caption sc-evZas cHSihy"
        spacing="45"
      >
        make your choice
      </span>
      <div
        class="sc-crXcEl dDKibQ"
      >
        <button
          class="MuiButtonBase-root-JobBs loEBuR MuiButton-root MuiButton-iconWrap MuiButton-iconWrapPrimary MuiButton-sizeMedium MuiButton-iconWrapSizeMedium MuiButtonBase-root MuiButton-root-gywsUZ gICcYZ sc-iqcoie Eaqjx"
          figure="ROCK"
          id="ROCK"
          tabindex="0"
          type="button"
        >
          <svg>
            icon-rock.svg
          </svg>
          <span
            class="MuiTouchRipple-root-iePYqk ifewIH MuiTouchRipple-root"
          />
        </button>
        <button
          class="MuiButtonBase-root-JobBs loEBuR MuiButton-root MuiButton-iconWrap MuiButton-iconWrapPrimary MuiButton-sizeMedium MuiButton-iconWrapSizeMedium MuiButtonBase-root MuiButton-root-gywsUZ eRViBu sc-iqcoie hVGZMO"
          figure="PAPER"
          id="PAPER"
          tabindex="0"
          type="button"
        >
          <svg>
            icon-paper.svg
          </svg>
          <span
            class="MuiTouchRipple-root-iePYqk ifewIH MuiTouchRipple-root"
          />
        </button>
        <button
          class="MuiButtonBase-root-JobBs loEBuR MuiButton-root MuiButton-iconWrap MuiButton-iconWrapPrimary MuiButton-sizeMedium MuiButton-iconWrapSizeMedium MuiButtonBase-root MuiButton-root-gywsUZ iVdQmY sc-iqcoie eqtQyh"
          figure="SCISSORS"
          id="SCISSORS"
          tabindex="0"
          type="button"
        >
          <svg>
            icon-scissors.svg
          </svg>
          <span
            class="MuiTouchRipple-root-iePYqk ifewIH MuiTouchRipple-root"
          />
        </button>
      </div>
    </div>
  </div>,
  "debug": [Function],
  "findAllByAltText": [Function],
  "findAllByDisplayValue": [Function],
  "findAllByLabelText": [Function],
  "findAllByPlaceholderText": [Function],
  "findAllByRole": [Function],
  "findAllByTestId": [Function],
  "findAllByText": [Function],
  "findAllByTitle": [Function],
  "findByAltText": [Function],
  "findByDisplayValue": [Function],
  "findByLabelText": [Function],
  "findByPlaceholderText": [Function],
  "findByRole": [Function],
  "findByTestId": [Function],
  "findByText": [Function],
  "findByTitle": [Function],
  "getAllByAltText": [Function],
  "getAllByDisplayValue": [Function],
  "getAllByLabelText": [Function],
  "getAllByPlaceholderText": [Function],
  "getAllByRole": [Function],
  "getAllByTestId": [Function],
  "getAllByText": [Function],
  "getAllByTitle": [Function],
  "getByAltText": [Function],
  "getByDisplayValue": [Function],
  "getByLabelText": [Function],
  "getByPlaceholderText": [Function],
  "getByRole": [Function],
  "getByTestId": [Function],
  "getByText": [Function],
  "getByTitle": [Function],
  "queryAllByAltText": [Function],
  "queryAllByDisplayValue": [Function],
  "queryAllByLabelText": [Function],
  "queryAllByPlaceholderText": [Function],
  "queryAllByRole": [Function],
  "queryAllByTestId": [Function],
  "queryAllByText": [Function],
  "queryAllByTitle": [Function],
  "queryByAltText": [Function],
  "queryByDisplayValue": [Function],
  "queryByLabelText": [Function],
  "queryByPlaceholderText": [Function],
  "queryByRole": [Function],
  "queryByTestId": [Function],
  "queryByText": [Function],
  "queryByTitle": [Function],
  "rerender": [Function],
  "unmount": [Function],
}
`;
